error: unresolved link to `i`
  --> $DIR/intra-link-span-ice-55723.rs:9:10
   |
LL | /// （arr[i]）
   |           ^ no item named `i` in `intra_link_span_ice_55723`
   |
note: the lint level is defined here
  --> $DIR/intra-link-span-ice-55723.rs:1:9
   |
LL | #![deny(broken_intra_doc_links)]
   |         ^^^^^^^^^^^^^^^^^^^^^^
help: escape brackets that are not meant as a link with a backslash
   |
LL | /// （arr\[i\]）
   |          ^^ ^^

error: aborting due to previous error

